2026-08-16T23:31:46+00:00 INFO    [event=application.started] IPTV-API 版本: 3.0.0 (构建时间: 2026-08-07 11:45:59)
2026-08-16T23:31:46+00:00 INFO    [phase=prepare event=network.ipv6.checking] 🛜 正在检查当前网络是否支持IPv6...
2026-08-16T23:31:46+00:00 WARNING [phase=prepare event=network.ipv6.unsupported] 当前网络不支持IPv6，别担心，IPv6的结果会被保存下来
2026-08-16T23:31:46+00:00 INFO    [run=ae7eb12b2ac547e58e9e8264f97972ac phase=prepare event=run.started] 性能模式: auto → balance，可用资源: 4.0 CPU / 15.61 GB，并发: 测速 8、媒体探测 2、源抓取 8
2026-08-16T23:31:46+00:00 INFO    [run=ae7eb12b2ac547e58e9e8264f97972ac phase=prepare event=channels.catalog_loaded] 频道目录已加载：白名单 0，黑名单 2，台标 21
2026-08-16T23:31:46+00:00 INFO    [run=ae7eb12b2ac547e58e9e8264f97972ac phase=fetch event=sources.subscribe.summary] 订阅源数量：2，订阅白名单数量：0，停用地址数量：0，有效总数量：2
2026-08-16T23:31:46+00:00 INFO    [run=ae7eb12b2ac547e58e9e8264f97972ac phase=fetch event=progress.started] 正在进行获取订阅源  0/2
2026-08-16T23:31:46+00:00 INFO    [run=ae7eb12b2ac547e58e9e8264f97972ac phase=fetch event=sources.epg.summary] EPG源数量：1，EPG白名单数量：0，停用地址数量：0，有效总数量：1
2026-08-16T23:31:46+00:00 INFO    [run=ae7eb12b2ac547e58e9e8264f97972ac phase=fetch event=progress.started] 正在进行获取EPG源  0/1
2026-08-16T23:31:48+00:00 INFO    [run=ae7eb12b2ac547e58e9e8264f97972ac phase=fetch event=progress.updated] 正在进行获取订阅源  1/2 (50%)  剩余 1
2026-08-16T23:31:48+00:00 INFO    [run=ae7eb12b2ac547e58e9e8264f97972ac phase=fetch event=progress.updated] 正在进行获取订阅源  2/2 (100%)  剩余 0
2026-08-16T23:31:48+00:00 INFO    [run=ae7eb12b2ac547e58e9e8264f97972ac phase=fetch event=sources.subscribe.finished] 订阅源: ✅ 有效地址数量：2，⛔ 停用地址数量：0
2026-08-16T23:31:48+00:00 INFO    [run=ae7eb12b2ac547e58e9e8264f97972ac phase=fetch event=progress.finished] 正在进行获取订阅源  2/2  未匹配 10000
2026-08-16T23:31:49+00:00 INFO    [run=ae7eb12b2ac547e58e9e8264f97972ac phase=fetch event=epg.source_parsed] EPG 源解析完成：http://e.erw.cc/e.xml.gz，保留节目 2357 条
2026-08-16T23:31:49+00:00 INFO    [run=ae7eb12b2ac547e58e9e8264f97972ac phase=fetch event=progress.updated] 正在进行获取EPG源  1/1 (100%)  剩余 0
2026-08-16T23:31:49+00:00 INFO    [run=ae7eb12b2ac547e58e9e8264f97972ac phase=fetch event=sources.epg.finished] EPG源: ✅ 有效地址数量：1，⛔ 停用地址数量：0
2026-08-16T23:31:49+00:00 INFO    [run=ae7eb12b2ac547e58e9e8264f97972ac phase=fetch event=progress.finished] 正在进行获取EPG源  1/1  匹配 62 个频道
2026-08-16T23:31:49+00:00 INFO    [run=ae7eb12b2ac547e58e9e8264f97972ac phase=aggregate event=channels.aggregated] 频道数据聚合完成：72 个频道，24 个接口（IPv4 21 / IPv6 3）
2026-08-16T23:31:49+00:00 INFO    [run=ae7eb12b2ac547e58e9e8264f97972ac phase=speed_test event=speed_test.planned] 总接口数量: 24, 需要进行测速的接口数量: 21
2026-08-16T23:31:49+00:00 INFO    [run=ae7eb12b2ac547e58e9e8264f97972ac phase=speed_test event=progress.started] 测速  0/21
2026-08-16T23:31:49+00:00 INFO    [run=ae7eb12b2ac547e58e9e8264f97972ac phase=speed_test event=progress.updated] 测速  1/21 (4%)  有效 0  失败 1  CCTV-1
2026-08-16T23:31:50+00:00 INFO    [run=ae7eb12b2ac547e58e9e8264f97972ac phase=speed_test event=progress.updated] 测速  3/21 (14%)  有效 2  失败 1  CCTV-7
2026-08-16T23:31:51+00:00 INFO    [run=ae7eb12b2ac547e58e9e8264f97972ac phase=speed_test event=progress.updated] 测速  6/21 (28%)  有效 5  失败 1  CCTV-10
2026-08-16T23:31:52+00:00 INFO    [run=ae7eb12b2ac547e58e9e8264f97972ac phase=speed_test event=progress.updated] 测速  8/21 (38%)  有效 6  失败 2  CCTV-13
2026-08-16T23:31:52+00:00 INFO    [run=ae7eb12b2ac547e58e9e8264f97972ac phase=speed_test event=progress.updated] 测速  11/21 (52%)  有效 8  失败 3  CCTV-11
2026-08-16T23:31:53+00:00 INFO    [run=ae7eb12b2ac547e58e9e8264f97972ac phase=speed_test event=progress.updated] 测速  14/21 (66%)  有效 11  失败 3  CCTV-14
2026-08-16T23:31:54+00:00 INFO    [run=ae7eb12b2ac547e58e9e8264f97972ac phase=speed_test event=progress.updated] 测速  16/21 (76%)  有效 13  失败 3  CCTV-17
2026-08-16T23:32:02+00:00 INFO    [run=ae7eb12b2ac547e58e9e8264f97972ac phase=speed_test event=progress.updated] 测速  19/21 (90%)  有效 14  失败 5  CETV-2
2026-08-16T23:32:02+00:00 INFO    [run=ae7eb12b2ac547e58e9e8264f97972ac phase=speed_test event=progress.updated] 测速  21/21 (100%)  有效 14  失败 7  四川卫视
2026-08-16T23:32:02+00:00 INFO    [run=ae7eb12b2ac547e58e9e8264f97972ac phase=speed_test event=speed_test.artifacts_written] 测速明细已写入 output/log/speed_test.log，有效结果已写入 output/log/result.log
2026-08-16T23:32:02+00:00 INFO    [run=ae7eb12b2ac547e58e9e8264f97972ac phase=speed_test event=progress.finished] 测速  21/21  有效 14  失败 7
2026-08-16T23:32:02+00:00 INFO    [run=ae7eb12b2ac547e58e9e8264f97972ac phase=output event=output.written] 结果文件生成完成：更新 3 个文件
2026-08-16T23:32:03+00:00 INFO    [run=ae7eb12b2ac547e58e9e8264f97972ac phase=statistics event=statistics.finished] 频道统计完成：测试 21，有效 14
2026-08-16T23:32:03+00:00 INFO    [run=ae7eb12b2ac547e58e9e8264f97972ac phase=complete event=run.summary] 更新摘要
2026-08-16T23:32:03+00:00 INFO    [run=ae7eb12b2ac547e58e9e8264f97972ac phase=complete event=run.finished] 更新完成！总耗时：00:16
