分类: 📺央视频道, 名称: CCTV-1, 有效: 5, IPv4: 6, IPv6: 0, 最小延迟: 61 ms, 最高速率: 1.88 MiB/s, 平均速率: 1.40 MiB/s, 最高分辨率: 1280x720, 平均帧率: 未知, 视频编解码器: 未知, 音频编解码器: 未知
分类: 📺央视频道, 名称: CCTV-2, 有效: 7, IPv4: 7, IPv6: 0, 最小延迟: 60 ms, 最高速率: 17.13 MiB/s, 平均速率: 6.93 MiB/s, 最高分辨率: 1280x720, 平均帧率: 25.0, 视频编解码器: h264, 音频编解码器: aac
分类: 📺央视频道, 名称: CCTV-3, 有效: 7, IPv4: 7, IPv6: 0, 最小延迟: 60 ms, 最高速率: 12.67 MiB/s, 平均速率: 3.62 MiB/s, 最高分辨率: 1920x1080, 平均帧率: 25.0, 视频编解码器: h264, 音频编解码器: aac
分类: 📺央视频道, 名称: CCTV-4, 有效: 7, IPv4: 7, IPv6: 0, 最小延迟: 60 ms, 最高速率: 4.94 MiB/s, 平均速率: 2.04 MiB/s, 最高分辨率: 1920x1080, 平均帧率: 25.0, 视频编解码器: h264, 音频编解码器: aac
分类: 📺央视频道, 名称: CCTV-5, 有效: 5, IPv4: 9, IPv6: 0, 最小延迟: 60 ms, 最高速率: 11.72 MiB/s, 平均速率: 3.22 MiB/s, 最高分辨率: 1920x1080, 平均帧率: 25.0, 视频编解码器: h264, 音频编解码器: aac
分类: 📺央视频道, 名称: CCTV-6, 有效: 4, IPv4: 5, IPv6: 0, 最小延迟: 60 ms, 最高速率: 16.20 MiB/s, 平均速率: 13.66 MiB/s, 最高分辨率: 1280x720, 平均帧率: 25.0, 视频编解码器: h264, 音频编解码器: aac
分类: 📺央视频道, 名称: CCTV-5+, 有效: 2, IPv4: 4, IPv6: 0, 最小延迟: 186 ms, 最高速率: 1.17 MiB/s, 平均速率: 0.92 MiB/s, 最高分辨率: 1920x1080, 平均帧率: 37.5, 视频编解码器: h264, 音频编解码器: mp2
分类: 📺央视频道, 名称: CCTV-7, 有效: 6, IPv4: 6, IPv6: 0, 最小延迟: 61 ms, 最高速率: 5.53 MiB/s, 平均速率: 3.04 MiB/s, 最高分辨率: 1280x720, 平均帧率: 25.0, 视频编解码器: h264, 音频编解码器: aac
分类: 📺央视频道, 名称: CCTV-8, 有效: 7, IPv4: 7, IPv6: 0, 最小延迟: 60 ms, 最高速率: 16.81 MiB/s, 平均速率: 9.14 MiB/s, 最高分辨率: 1920x1080, 平均帧率: 25.0, 视频编解码器: h264, 音频编解码器: aac
分类: 📺央视频道, 名称: CCTV-9, 有效: 5, IPv4: 6, IPv6: 0, 最小延迟: 61 ms, 最高速率: 10.66 MiB/s, 平均速率: 5.14 MiB/s, 最高分辨率: 1920x1080, 平均帧率: 25.0, 视频编解码器: h264, 音频编解码器: aac
分类: 📺央视频道, 名称: CCTV-10, 有效: 2, IPv4: 5, IPv6: 0, 最小延迟: 60 ms, 最高速率: 7.49 MiB/s, 平均速率: 4.80 MiB/s, 最高分辨率: 1920x1080, 平均帧率: 25.0, 视频编解码器: h264, 音频编解码器: aac
分类: 📺央视频道, 名称: CCTV-11, 有效: 6, IPv4: 6, IPv6: 0, 最小延迟: 60 ms, 最高速率: 20.72 MiB/s, 平均速率: 4.53 MiB/s, 最高分辨率: 1920x1080, 平均帧率: 25.0, 视频编解码器: h264, 音频编解码器: aac
分类: 📺央视频道, 名称: CCTV-12, 有效: 4, IPv4: 6, IPv6: 0, 最小延迟: 60 ms, 最高速率: 13.79 MiB/s, 平均速率: 7.93 MiB/s, 最高分辨率: 1920x1080, 平均帧率: 25.0, 视频编解码器: h264, 音频编解码器: aac
分类: 📺央视频道, 名称: CCTV-13, 有效: 3, IPv4: 6, IPv6: 0, 最小延迟: 60 ms, 最高速率: 9.42 MiB/s, 平均速率: 5.06 MiB/s, 最高分辨率: 1920x1080, 平均帧率: 25.0, 视频编解码器: h264, 音频编解码器: aac
分类: 📺央视频道, 名称: CCTV-14, 有效: 5, IPv4: 5, IPv6: 0, 最小延迟: 60 ms, 最高速率: 10.31 MiB/s, 平均速率: 6.30 MiB/s, 最高分辨率: 1280x720, 平均帧率: 未知, 视频编解码器: 未知, 音频编解码器: 未知
分类: 📺央视频道, 名称: CCTV-15, 有效: 5, IPv4: 6, IPv6: 0, 最小延迟: 60 ms, 最高速率: 25.06 MiB/s, 平均速率: 13.05 MiB/s, 最高分辨率: 1280x720, 平均帧率: 25.0, 视频编解码器: h264, 音频编解码器: aac
分类: 📺央视频道, 名称: CCTV-16, 有效: 2, IPv4: 4, IPv6: 0, 最小延迟: 94 ms, 最高速率: 4.14 MiB/s, 平均速率: 2.33 MiB/s, 最高分辨率: 1920x1080, 平均帧率: 25.0, 视频编解码器: h264, 音频编解码器: aac
分类: 📺央视频道, 名称: CCTV-17, 有效: 5, IPv4: 5, IPv6: 0, 最小延迟: 61 ms, 最高速率: 27.90 MiB/s, 平均速率: 14.14 MiB/s, 最高分辨率: 1920x1080, 平均帧率: 未知, 视频编解码器: 未知, 音频编解码器: 未知
分类: 📺央视频道, 名称: CETV-1, 有效: 2, IPv4: 5, IPv6: 0, 最小延迟: 81 ms, 最高速率: 5.17 MiB/s, 平均速率: 4.95 MiB/s, 最高分辨率: 1920x1080, 平均帧率: 25.0, 视频编解码器: h264, 音频编解码器: aac
分类: 📺央视频道, 名称: CETV-3, 有效: 0, IPv4: 2, IPv6: 0, 最小延迟: 90 ms, 最高速率: 3.49 MiB/s, 平均速率: 0.00 MiB/s, 最高分辨率: 720x576, 平均帧率: 25.0, 视频编解码器: h264, 音频编解码器: aac
分类: 📺央视频道, 名称: CETV-2, 有效: 0, IPv4: 1, IPv6: 0, 最小延迟: — ms, 最高速率: 0.00 MiB/s, 平均速率: 0.00 MiB/s, 最高分辨率: —, 平均帧率: 未知, 视频编解码器: 未知, 音频编解码器: 未知
分类: 📡卫视频道, 名称: 广东卫视, 有效: 4, IPv4: 5, IPv6: 0, 最小延迟: 66 ms, 最高速率: 6.25 MiB/s, 平均速率: 3.82 MiB/s, 最高分辨率: 1920x1080, 平均帧率: 未知, 视频编解码器: 未知, 音频编解码器: 未知
分类: 📡卫视频道, 名称: 浙江卫视, 有效: 3, IPv4: 5, IPv6: 0, 最小延迟: 90 ms, 最高速率: 7.75 MiB/s, 平均速率: 4.37 MiB/s, 最高分辨率: 1920x1080, 平均帧率: 25.0, 视频编解码器: h264, 音频编解码器: aac
分类: 📡卫视频道, 名称: 湖南卫视, 有效: 6, IPv4: 6, IPv6: 0, 最小延迟: 61 ms, 最高速率: 2.09 MiB/s, 平均速率: 1.66 MiB/s, 最高分辨率: 3840x2160, 平均帧率: 25.0, 视频编解码器: h264, 音频编解码器: aac
分类: 📡卫视频道, 名称: 北京卫视, 有效: 4, IPv4: 6, IPv6: 0, 最小延迟: 90 ms, 最高速率: 5.13 MiB/s, 平均速率: 4.15 MiB/s, 最高分辨率: 1920x1080, 平均帧率: 25.0, 视频编解码器: h264, 音频编解码器: aac
分类: 📡卫视频道, 名称: 湖北卫视, 有效: 2, IPv4: 3, IPv6: 0, 最小延迟: 61 ms, 最高速率: 8.43 MiB/s, 平均速率: 5.91 MiB/s, 最高分辨率: 1920x1080, 平均帧率: 未知, 视频编解码器: 未知, 音频编解码器: 未知
分类: 📡卫视频道, 名称: 黑龙江卫视, 有效: 3, IPv4: 5, IPv6: 0, 最小延迟: 60 ms, 最高速率: 7.95 MiB/s, 平均速率: 4.42 MiB/s, 最高分辨率: 1920x1080, 平均帧率: 未知, 视频编解码器: 未知, 音频编解码器: 未知
分类: 📡卫视频道, 名称: 安徽卫视, 有效: 3, IPv4: 5, IPv6: 0, 最小延迟: 90 ms, 最高速率: 4.73 MiB/s, 平均速率: 2.97 MiB/s, 最高分辨率: 1920x1080, 平均帧率: 25.0, 视频编解码器: h264, 音频编解码器: aac
分类: 📡卫视频道, 名称: 东方卫视, 有效: 5, IPv4: 5, IPv6: 0, 最小延迟: 34 ms, 最高速率: 15.17 MiB/s, 平均速率: 5.74 MiB/s, 最高分辨率: 1920x1080, 平均帧率: 未知, 视频编解码器: 未知, 音频编解码器: 未知
分类: 📡卫视频道, 名称: 重庆卫视, 有效: 2, IPv4: 2, IPv6: 0, 最小延迟: 90 ms, 最高速率: 5.13 MiB/s, 平均速率: 5.12 MiB/s, 最高分辨率: 1920x1080, 平均帧率: 未知, 视频编解码器: 未知, 音频编解码器: 未知
分类: 📡卫视频道, 名称: 东南卫视, 有效: 3, IPv4: 4, IPv6: 0, 最小延迟: 62 ms, 最高速率: 4.82 MiB/s, 平均速率: 2.66 MiB/s, 最高分辨率: 1920x1080, 平均帧率: 未知, 视频编解码器: 未知, 音频编解码器: 未知
分类: 📡卫视频道, 名称: 甘肃卫视, 有效: 2, IPv4: 3, IPv6: 0, 最小延迟: 90 ms, 最高速率: 5.16 MiB/s, 平均速率: 5.09 MiB/s, 最高分辨率: 1920x1080, 平均帧率: 未知, 视频编解码器: 未知, 音频编解码器: 未知
分类: 📡卫视频道, 名称: 广西卫视, 有效: 3, IPv4: 5, IPv6: 0, 最小延迟: 71 ms, 最高速率: 7.88 MiB/s, 平均速率: 5.77 MiB/s, 最高分辨率: 1920x1080, 平均帧率: 25.0, 视频编解码器: h264, 音频编解码器: aac
分类: 📡卫视频道, 名称: 贵州卫视, 有效: 6, IPv4: 6, IPv6: 0, 最小延迟: 62 ms, 最高速率: 24.74 MiB/s, 平均速率: 8.85 MiB/s, 最高分辨率: 1920x1080, 平均帧率: 25.0, 视频编解码器: h264, 音频编解码器: aac
分类: 📡卫视频道, 名称: 海南卫视, 有效: 0, IPv4: 2, IPv6: 0, 最小延迟: 92 ms, 最高速率: 0.39 MiB/s, 平均速率: 0.00 MiB/s, 最高分辨率: 1920x1080, 平均帧率: 未知, 视频编解码器: 未知, 音频编解码器: 未知
分类: 📡卫视频道, 名称: 河北卫视, 有效: 2, IPv4: 4, IPv6: 0, 最小延迟: 89 ms, 最高速率: 4.63 MiB/s, 平均速率: 2.50 MiB/s, 最高分辨率: 1920x1080, 平均帧率: 25.0, 视频编解码器: h264, 音频编解码器: aac
分类: 📡卫视频道, 名称: 河南卫视, 有效: 3, IPv4: 7, IPv6: 0, 最小延迟: 60 ms, 最高速率: 5.58 MiB/s, 平均速率: 5.27 MiB/s, 最高分辨率: 1920x1080, 平均帧率: 31.25, 视频编解码器: h264, 音频编解码器: aac
分类: 📡卫视频道, 名称: 吉林卫视, 有效: 3, IPv4: 4, IPv6: 0, 最小延迟: 90 ms, 最高速率: 4.60 MiB/s, 平均速率: 3.19 MiB/s, 最高分辨率: 1920x1080, 平均帧率: 25.0, 视频编解码器: h264, 音频编解码器: mp2
分类: 📡卫视频道, 名称: 江苏卫视, 有效: 4, IPv4: 5, IPv6: 0, 最小延迟: 60 ms, 最高速率: 6.66 MiB/s, 平均速率: 4.31 MiB/s, 最高分辨率: 1920x1080, 平均帧率: 25.0, 视频编解码器: h264, 音频编解码器: aac
分类: 📡卫视频道, 名称: 江西卫视, 有效: 3, IPv4: 5, IPv6: 0, 最小延迟: 60 ms, 最高速率: 30.60 MiB/s, 平均速率: 14.58 MiB/s, 最高分辨率: 1920x1080, 平均帧率: 25.0, 视频编解码器: h264, 音频编解码器: aac
分类: 📡卫视频道, 名称: 辽宁卫视, 有效: 5, IPv4: 5, IPv6: 0, 最小延迟: 61 ms, 最高速率: 19.32 MiB/s, 平均速率: 11.86 MiB/s, 最高分辨率: 1920x1080, 平均帧率: 未知, 视频编解码器: 未知, 音频编解码器: 未知
分类: 📡卫视频道, 名称: 内蒙古卫视, 有效: 5, IPv4: 5, IPv6: 0, 最小延迟: 60 ms, 最高速率: 31.22 MiB/s, 平均速率: 13.65 MiB/s, 最高分辨率: 1920x1080, 平均帧率: 25.0, 视频编解码器: h264, 音频编解码器: aac
分类: 📡卫视频道, 名称: 宁夏卫视, 有效: 6, IPv4: 6, IPv6: 0, 最小延迟: 82 ms, 最高速率: 29.81 MiB/s, 平均速率: 14.13 MiB/s, 最高分辨率: 1920x1080, 平均帧率: 25.0, 视频编解码器: h264, 音频编解码器: aac
分类: 📡卫视频道, 名称: 青海卫视, 有效: 2, IPv4: 3, IPv6: 0, 最小延迟: 90 ms, 最高速率: 7.40 MiB/s, 平均速率: 6.26 MiB/s, 最高分辨率: 1920x1080, 平均帧率: 未知, 视频编解码器: 未知, 音频编解码器: 未知
分类: 📡卫视频道, 名称: 山东卫视, 有效: 4, IPv4: 5, IPv6: 0, 最小延迟: 60 ms, 最高速率: 6.51 MiB/s, 平均速率: 4.02 MiB/s, 最高分辨率: 1920x1080, 平均帧率: 25.0, 视频编解码器: h264, 音频编解码器: aac
分类: 📡卫视频道, 名称: 山西卫视, 有效: 6, IPv4: 6, IPv6: 0, 最小延迟: 60 ms, 最高速率: 27.79 MiB/s, 平均速率: 11.11 MiB/s, 最高分辨率: 1920x1080, 平均帧率: 25.0, 视频编解码器: h264, 音频编解码器: aac
分类: 📡卫视频道, 名称: 陕西卫视, 有效: 4, IPv4: 4, IPv6: 0, 最小延迟: 61 ms, 最高速率: 24.11 MiB/s, 平均速率: 14.30 MiB/s, 最高分辨率: 1920x1080, 平均帧率: 未知, 视频编解码器: 未知, 音频编解码器: 未知
分类: 📡卫视频道, 名称: 四川卫视, 有效: 5, IPv4: 6, IPv6: 0, 最小延迟: 85 ms, 最高速率: 29.93 MiB/s, 平均速率: 12.83 MiB/s, 最高分辨率: 1920x1080, 平均帧率: 25.0, 视频编解码器: h264, 音频编解码器: aac
分类: 📡卫视频道, 名称: 深圳卫视, 有效: 3, IPv4: 6, IPv6: 0, 最小延迟: 50 ms, 最高速率: 5.08 MiB/s, 平均速率: 3.54 MiB/s, 最高分辨率: 1920x1080, 平均帧率: 25.0, 视频编解码器: h264, 音频编解码器: aac
分类: 📡卫视频道, 名称: 三沙卫视, 有效: 4, IPv4: 4, IPv6: 0, 最小延迟: 60 ms, 最高速率: 13.58 MiB/s, 平均速率: 4.67 MiB/s, 最高分辨率: 1920x1080, 平均帧率: 未知, 视频编解码器: 未知, 音频编解码器: 未知
分类: 📡卫视频道, 名称: 西藏卫视, 有效: 4, IPv4: 6, IPv6: 0, 最小延迟: 76 ms, 最高速率: 31.56 MiB/s, 平均速率: 10.46 MiB/s, 最高分辨率: 1920x1080, 平均帧率: 未知, 视频编解码器: 未知, 音频编解码器: 未知
分类: 📡卫视频道, 名称: 天津卫视, 有效: 2, IPv4: 3, IPv6: 0, 最小延迟: 60 ms, 最高速率: 29.24 MiB/s, 平均速率: 18.41 MiB/s, 最高分辨率: 1920x1080, 平均帧率: 25.0, 视频编解码器: h264, 音频编解码器: aac
分类: 📡卫视频道, 名称: 新疆卫视, 有效: 4, IPv4: 5, IPv6: 0, 最小延迟: 60 ms, 最高速率: 31.51 MiB/s, 平均速率: 10.62 MiB/s, 最高分辨率: 1920x1080, 平均帧率: 25.0, 视频编解码器: h264, 音频编解码器: aac
分类: 📡卫视频道, 名称: 云南卫视, 有效: 4, IPv4: 6, IPv6: 0, 最小延迟: 61 ms, 最高速率: 20.47 MiB/s, 平均速率: 7.77 MiB/s, 最高分辨率: 1920x1080, 平均帧率: 未知, 视频编解码器: 未知, 音频编解码器: 未知
分类: ☘️广东频道, 名称: 广东民生, 有效: 1, IPv4: 2, IPv6: 0, 最小延迟: 91 ms, 最高速率: 0.84 MiB/s, 平均速率: 0.84 MiB/s, 最高分辨率: 1280x720, 平均帧率: 未知, 视频编解码器: 未知, 音频编解码器: 未知
分类: ☘️广东频道, 名称: 广东珠江, 有效: 2, IPv4: 2, IPv6: 0, 最小延迟: 90 ms, 最高速率: 2.97 MiB/s, 平均速率: 1.76 MiB/s, 最高分辨率: 1280x720, 平均帧率: 25.0, 视频编解码器: h264, 音频编解码器: aac
分类: ☘️广东频道, 名称: 广东体育, 有效: 1, IPv4: 1, IPv6: 0, 最小延迟: 60 ms, 最高速率: 6.77 MiB/s, 平均速率: 6.77 MiB/s, 最高分辨率: 1280x720, 平均帧率: 25.0, 视频编解码器: h264, 音频编解码器: aac
分类: ☘️广东频道, 名称: 大湾区卫视, 有效: 4, IPv4: 4, IPv6: 0, 最小延迟: 124 ms, 最高速率: 4.56 MiB/s, 平均速率: 3.35 MiB/s, 最高分辨率: 1280x720, 平均帧率: 未知, 视频编解码器: 未知, 音频编解码器: 未知
分类: ☘️广东频道, 名称: 广东新闻, 有效: 1, IPv4: 1, IPv6: 0, 最小延迟: 90 ms, 最高速率: 4.55 MiB/s, 平均速率: 4.55 MiB/s, 最高分辨率: 1280x720, 平均帧率: 25.0, 视频编解码器: h264, 音频编解码器: aac
分类: ☘️广东频道, 名称: 广州综合, 有效: 4, IPv4: 4, IPv6: 0, 最小延迟: 194 ms, 最高速率: 1.71 MiB/s, 平均速率: 0.82 MiB/s, 最高分辨率: 1280x720, 平均帧率: 25.0, 视频编解码器: h264, 音频编解码器: aac
